2026-06-11 09:17:06,362 INFO o.a.j.u.JMeterUtils: Setting Locale to en_EN
2026-06-11 09:17:06,400 INFO o.a.j.JMeter: Loading user properties from: C:\apache-jmeter-5.5\bin\user.properties
2026-06-11 09:17:06,414 INFO o.a.j.JMeter: Loading system properties from: C:\apache-jmeter-5.5\bin\system.properties
2026-06-11 09:17:06,429 INFO o.a.j.JMeter: Copyright (c) 1998-2022 The Apache Software Foundation
2026-06-11 09:17:06,429 INFO o.a.j.JMeter: Version 5.5
2026-06-11 09:17:06,429 INFO o.a.j.JMeter: java.version=1.8.0_421
2026-06-11 09:17:06,430 INFO o.a.j.JMeter: java.vm.name=Java HotSpot(TM) 64-Bit Server VM
2026-06-11 09:17:06,430 INFO o.a.j.JMeter: os.name=Windows 11
2026-06-11 09:17:06,430 INFO o.a.j.JMeter: os.arch=amd64
2026-06-11 09:17:06,430 INFO o.a.j.JMeter: os.version=10.0
2026-06-11 09:17:06,430 INFO o.a.j.JMeter: file.encoding=Cp1252
2026-06-11 09:17:06,430 INFO o.a.j.JMeter: java.awt.headless=null
2026-06-11 09:17:06,430 INFO o.a.j.JMeter: Max memory     =1073741824
2026-06-11 09:17:06,430 INFO o.a.j.JMeter: Available Processors =16
2026-06-11 09:17:06,430 INFO o.a.j.JMeter: Default Locale=English (EN)
2026-06-11 09:17:06,430 INFO o.a.j.JMeter: JMeter  Locale=English (EN)
2026-06-11 09:17:06,430 INFO o.a.j.JMeter: JMeterHome=C:\apache-jmeter-5.5
2026-06-11 09:17:06,430 INFO o.a.j.JMeter: user.dir  =C:\Users\cristian.rosa\Intelligent_Performance_Test_Orchstrator
2026-06-11 09:17:06,430 INFO o.a.j.JMeter: PWD       =C:\Users\cristian.rosa\Intelligent_Performance_Test_Orchstrator
2026-06-11 09:17:06,430 INFO o.a.j.JMeter: IP: 192.168.1.88 Name: C11-B2S769K7E70 FullName: C11-B2S769K7E70.dir.svc.accenture.com
